This is a test log
ERROR: Something went wrong
